Testing Groq Connectivity...
Status: 200
Response: {
  "id": "chatcmpl-5f9c263a-011a-42d9-b5fd-24cbd5c6d658",
  "object": "chat.completion",
  "created": 1773626436,
  "model": "llama-3.3-70b-versatile",
  "choices": [
    {
      "index": 0,
      "message": {
        "role": "assistant",
        "content": "Hello. How can I assist you today?"
      },
      "logprobs": null,
      "finish_reason": "stop"
    }
  ],
  "usage": {
    "queue_time": 0.245380661,
    "prompt_tokens": 36,
    "prompt_time": 0.00344218,
    "completion_tokens": 10,
    "completion_time": 0.023417542,
    "total_tokens": 46,
    "total_time": 0.026859722
  },
  "usage_breakdown": null,
  "system_fingerprint": "fp_f8b414701e",
  "x_groq": {
    "id": "req_01kkt5zawveq9t21t388s7k739",
    "seed": 785942942
  },
  "service_tier": "on_demand"
}
